[INFO] Scanning for projects...
[INFO] 
[INFO] -------------------< com.khathabook:khatha-backend >--------------------
[INFO] Building khatha-backend 2.2.6
[INFO]   from pom.xml
[INFO] --------------------------------[ jar ]---------------------------------
[INFO] 
[INFO] --- resources:3.3.1:resources (default-resources) @ khatha-backend ---
[INFO] Copying 1 resource from src\main\resources to target\classes
[INFO] Copying 1 resource from src\main\resources to target\classes
[INFO] 
[INFO] --- compiler:3.11.0:compile (default-compile) @ khatha-backend ---
[INFO] Changes detected - recompiling the module! :source
[INFO] Compiling 53 source files with javac [debug release 21] to target\classes
[INFO] -------------------------------------------------------------
[ERROR] COMPILATION ERROR : 
[INFO] -------------------------------------------------------------
[ERROR] /C:/Users/ASUS/OneDrive/Desktop/wallet/khatha-backend/src/main/java/com/khathabook/service/AiProductService.java:[129,11] class, interface, enum, or record expected
[ERROR] /C:/Users/ASUS/OneDrive/Desktop/wallet/khatha-backend/src/main/java/com/khathabook/service/AiProductService.java:[131,13] class, interface, enum, or record expected
[ERROR] /C:/Users/ASUS/OneDrive/Desktop/wallet/khatha-backend/src/main/java/com/khathabook/service/AiProductService.java:[132,9] class, interface, enum, or record expected
[ERROR] /C:/Users/ASUS/OneDrive/Desktop/wallet/khatha-backend/src/main/java/com/khathabook/service/AiProductService.java:[136,12] unnamed classes are a preview feature and are disabled by default.
  (use --enable-preview to enable unnamed classes)
[ERROR] /C:/Users/ASUS/OneDrive/Desktop/wallet/khatha-backend/src/main/java/com/khathabook/service/AiProductService.java:[140,1] class, interface, enum, or record expected
[ERROR] /C:/Users/ASUS/OneDrive/Desktop/wallet/khatha-backend/src/main/java/com/khathabook/service/AiProductService.java:[1,1] unnamed class should not have package declaration
[INFO] 6 errors 
[INFO] -------------------------------------------------------------
[INFO] ------------------------------------------------------------------------
[INFO] BUILD FAILURE
[INFO] ------------------------------------------------------------------------
[INFO] Total time:  2.684 s
[INFO] Finished at: 2026-02-14T22:30:31+05:30
[INFO] ------------------------------------------------------------------------
[ERROR] Failed to execute goal org.apache.maven.plugins:maven-compiler-plugin:3.11.0:compile (default-compile) on project khatha-backend: Compilation failure: Compilation failure: 
[ERROR] /C:/Users/ASUS/OneDrive/Desktop/wallet/khatha-backend/src/main/java/com/khathabook/service/AiProductService.java:[129,11] class, interface, enum, or record expected
[ERROR] /C:/Users/ASUS/OneDrive/Desktop/wallet/khatha-backend/src/main/java/com/khathabook/service/AiProductService.java:[131,13] class, interface, enum, or record expected
[ERROR] /C:/Users/ASUS/OneDrive/Desktop/wallet/khatha-backend/src/main/java/com/khathabook/service/AiProductService.java:[132,9] class, interface, enum, or record expected
[ERROR] /C:/Users/ASUS/OneDrive/Desktop/wallet/khatha-backend/src/main/java/com/khathabook/service/AiProductService.java:[136,12] unnamed classes are a preview feature and are disabled by default.
[ERROR]   (use --enable-preview to enable unnamed classes)
[ERROR] /C:/Users/ASUS/OneDrive/Desktop/wallet/khatha-backend/src/main/java/com/khathabook/service/AiProductService.java:[140,1] class, interface, enum, or record expected
[ERROR] /C:/Users/ASUS/OneDrive/Desktop/wallet/khatha-backend/src/main/java/com/khathabook/service/AiProductService.java:[1,1] unnamed class should not have package declaration
[ERROR] -> [Help 1]
[ERROR] 
[ERROR] To see the full stack trace of the errors, re-run Maven with the -e switch.
[ERROR] Re-run Maven using the -X switch to enable full debug logging.
[ERROR] 
[ERROR] For more information about the errors and possible solutions, please read the following articles:
[ERROR] [Help 1] http://cwiki.apache.org/confluence/display/MAVEN/MojoFailureException
