[INFO] Scanning for projects...
[INFO] 
[INFO] -------------------< com.khathabook:khatha-backend >--------------------
[INFO] Building khatha-backend 2.2.6
[INFO]   from pom.xml
[INFO] --------------------------------[ jar ]---------------------------------
[INFO] 
[INFO] --- resources:3.3.1:resources (default-resources) @ khatha-backend ---
[INFO] Copying 1 resource from src\main\resources to target\classes
[INFO] Copying 1 resource from src\main\resources to target\classes
[INFO] 
[INFO] --- compiler:3.11.0:compile (default-compile) @ khatha-backend ---
[INFO] Changes detected - recompiling the module! :source
[INFO] Compiling 53 source files with javac [debug release 21] to target\classes
[INFO] /C:/Users/ASUS/OneDrive/Desktop/wallet/khatha-backend/src/main/java/com/khathabook/controller/GoogleContactsController.java: C:\Users\ASUS\OneDrive\Desktop\wallet\khatha-backend\src\main\java\com\khathabook\controller\GoogleContactsController.java uses or overrides a deprecated API.
[INFO] /C:/Users/ASUS/OneDrive/Desktop/wallet/khatha-backend/src/main/java/com/khathabook/controller/GoogleContactsController.java: Recompile with -Xlint:deprecation for details.
[INFO] -------------------------------------------------------------
[ERROR] COMPILATION ERROR : 
[INFO] -------------------------------------------------------------
[ERROR] /C:/Users/ASUS/OneDrive/Desktop/wallet/khatha-backend/src/main/java/com/khathabook/service/OcrService.java:[3,30] package net.sourceforge.tess4j does not exist
[ERROR] /C:/Users/ASUS/OneDrive/Desktop/wallet/khatha-backend/src/main/java/com/khathabook/service/OcrService.java:[4,30] package net.sourceforge.tess4j does not exist
[ERROR] /C:/Users/ASUS/OneDrive/Desktop/wallet/khatha-backend/src/main/java/com/khathabook/service/OcrService.java:[22,13] cannot find symbol
  symbol:   class Tesseract
  location: class com.khathabook.service.OcrService
[ERROR] /C:/Users/ASUS/OneDrive/Desktop/wallet/khatha-backend/src/main/java/com/khathabook/service/OcrService.java:[22,39] cannot find symbol
  symbol:   class Tesseract
  location: class com.khathabook.service.OcrService
[INFO] 4 errors 
[INFO] -------------------------------------------------------------
[INFO] ------------------------------------------------------------------------
[INFO] BUILD FAILURE
[INFO] ------------------------------------------------------------------------
[INFO] Total time:  4.635 s
[INFO] Finished at: 2026-02-15T21:23:03+05:30
[INFO] ------------------------------------------------------------------------
[ERROR] Failed to execute goal org.apache.maven.plugins:maven-compiler-plugin:3.11.0:compile (default-compile) on project khatha-backend: Compilation failure: Compilation failure: 
[ERROR] /C:/Users/ASUS/OneDrive/Desktop/wallet/khatha-backend/src/main/java/com/khathabook/service/OcrService.java:[3,30] package net.sourceforge.tess4j does not exist
[ERROR] /C:/Users/ASUS/OneDrive/Desktop/wallet/khatha-backend/src/main/java/com/khathabook/service/OcrService.java:[4,30] package net.sourceforge.tess4j does not exist
[ERROR] /C:/Users/ASUS/OneDrive/Desktop/wallet/khatha-backend/src/main/java/com/khathabook/service/OcrService.java:[22,13] cannot find symbol
[ERROR]   symbol:   class Tesseract
[ERROR]   location: class com.khathabook.service.OcrService
[ERROR] /C:/Users/ASUS/OneDrive/Desktop/wallet/khatha-backend/src/main/java/com/khathabook/service/OcrService.java:[22,39] cannot find symbol
[ERROR]   symbol:   class Tesseract
[ERROR]   location: class com.khathabook.service.OcrService
[ERROR] -> [Help 1]
[ERROR] 
[ERROR] To see the full stack trace of the errors, re-run Maven with the -e switch.
[ERROR] Re-run Maven using the -X switch to enable full debug logging.
[ERROR] 
[ERROR] For more information about the errors and possible solutions, please read the following articles:
[ERROR] [Help 1] http://cwiki.apache.org/confluence/display/MAVEN/MojoFailureException
