[INFO] Scanning for projects...
[INFO] 
[INFO] -------------------< com.khathabook:khatha-backend >--------------------
[INFO] Building khatha-backend 2.2.6
[INFO]   from pom.xml
[INFO] --------------------------------[ jar ]---------------------------------
[INFO] 
[INFO] --- resources:3.3.1:resources (default-resources) @ khatha-backend ---
[INFO] Copying 1 resource from src\main\resources to target\classes
[INFO] Copying 2 resources from src\main\resources to target\classes
[INFO] 
[INFO] --- compiler:3.11.0:compile (default-compile) @ khatha-backend ---
[INFO] Changes detected - recompiling the module! :source
[INFO] Compiling 64 source files with javac [debug release 21] to target\classes
[INFO] /C:/Users/ASUS/OneDrive/Desktop/wallet/khatha-backend/src/main/java/com/khathabook/controller/GoogleContactsController.java: C:\Users\ASUS\OneDrive\Desktop\wallet\khatha-backend\src\main\java\com\khathabook\controller\GoogleContactsController.java uses or overrides a deprecated API.
[INFO] /C:/Users/ASUS/OneDrive/Desktop/wallet/khatha-backend/src/main/java/com/khathabook/controller/GoogleContactsController.java: Recompile with -Xlint:deprecation for details.
[INFO] /C:/Users/ASUS/OneDrive/Desktop/wallet/khatha-backend/src/main/java/com/khathabook/service/ProductService.java: C:\Users\ASUS\OneDrive\Desktop\wallet\khatha-backend\src\main\java\com\khathabook\service\ProductService.java uses unchecked or unsafe operations.
[INFO] /C:/Users/ASUS/OneDrive/Desktop/wallet/khatha-backend/src/main/java/com/khathabook/service/ProductService.java: Recompile with -Xlint:unchecked for details.
[INFO] Some messages have been simplified; recompile with -Xdiags:verbose to get full output
[INFO] -------------------------------------------------------------
[ERROR] COMPILATION ERROR : 
[INFO] -------------------------------------------------------------
[ERROR] /C:/Users/ASUS/OneDrive/Desktop/wallet/khatha-backend/src/main/java/com/khathabook/model/Bill.java:[110,12] cannot find symbol
  symbol:   class LocalDate
  location: class com.khathabook.model.Bill
[ERROR] /C:/Users/ASUS/OneDrive/Desktop/wallet/khatha-backend/src/main/java/com/khathabook/model/Bill.java:[111,31] cannot find symbol
  symbol:   class LocalDate
  location: class com.khathabook.model.Bill
[ERROR] /C:/Users/ASUS/OneDrive/Desktop/wallet/khatha-backend/src/main/java/com/khathabook/model/Product.java:[73,43] cannot find symbol
  symbol:   method getStoreName()
  location: variable retailer of type com.khathabook.model.Retailer
[ERROR] /C:/Users/ASUS/OneDrive/Desktop/wallet/khatha-backend/src/main/java/com/khathabook/controller/OrderController.java:[155,53] incompatible types: java.time.LocalDate cannot be converted to java.time.LocalDateTime
[ERROR] /C:/Users/ASUS/OneDrive/Desktop/wallet/khatha-backend/src/main/java/com/khathabook/controller/BillController.java:[137,41] incompatible types: java.time.LocalDateTime cannot be converted to java.time.LocalDate
[INFO] 5 errors 
[INFO] -------------------------------------------------------------
[INFO] ------------------------------------------------------------------------
[INFO] BUILD FAILURE
[INFO] ------------------------------------------------------------------------
[INFO] Total time:  3.274 s
[INFO] Finished at: 2026-02-24T22:40:14+05:30
[INFO] ------------------------------------------------------------------------
[ERROR] Failed to execute goal org.apache.maven.plugins:maven-compiler-plugin:3.11.0:compile (default-compile) on project khatha-backend: Compilation failure: Compilation failure: 
[ERROR] /C:/Users/ASUS/OneDrive/Desktop/wallet/khatha-backend/src/main/java/com/khathabook/model/Bill.java:[110,12] cannot find symbol
[ERROR]   symbol:   class LocalDate
[ERROR]   location: class com.khathabook.model.Bill
[ERROR] /C:/Users/ASUS/OneDrive/Desktop/wallet/khatha-backend/src/main/java/com/khathabook/model/Bill.java:[111,31] cannot find symbol
[ERROR]   symbol:   class LocalDate
[ERROR]   location: class com.khathabook.model.Bill
[ERROR] /C:/Users/ASUS/OneDrive/Desktop/wallet/khatha-backend/src/main/java/com/khathabook/model/Product.java:[73,43] cannot find symbol
[ERROR]   symbol:   method getStoreName()
[ERROR]   location: variable retailer of type com.khathabook.model.Retailer
[ERROR] /C:/Users/ASUS/OneDrive/Desktop/wallet/khatha-backend/src/main/java/com/khathabook/controller/OrderController.java:[155,53] incompatible types: java.time.LocalDate cannot be converted to java.time.LocalDateTime
[ERROR] /C:/Users/ASUS/OneDrive/Desktop/wallet/khatha-backend/src/main/java/com/khathabook/controller/BillController.java:[137,41] incompatible types: java.time.LocalDateTime cannot be converted to java.time.LocalDate
[ERROR] -> [Help 1]
[ERROR] 
[ERROR] To see the full stack trace of the errors, re-run Maven with the -e switch.
[ERROR] Re-run Maven using the -X switch to enable full debug logging.
[ERROR] 
[ERROR] For more information about the errors and possible solutions, please read the following articles:
[ERROR] [Help 1] http://cwiki.apache.org/confluence/display/MAVEN/MojoFailureException
